###############################################################################
#
# IAR ELF Linker V8.40.2.214/W32 for ARM                  02/Oct/2020  15:31:33
# Copyright 2007-2019 IAR Systems AB.
#
#    Output file  =
#        C:\Users\mircc\Desktop\Универ зло\4 курс\KE-413
#        KOL\Lab4\Debug\Exe\lab4.out
#    Map file     =
#        C:\Users\mircc\Desktop\Универ зло\4 курс\KE-413
#        KOL\Lab4\Debug\List\lab4.map
#    Command line =
#        -f C:\Users\mircc\AppData\Local\Temp\EW41E7.tmp
#        ("C:\Users\mircc\Desktop\Универ зло\4 курс\KE-413
#        KOL\Lab4\Debug\Obj\main.o" "C:\Users\mircc\Desktop\Универ
#        зло\4 курс\KE-413 KOL\Lab4\Debug\Obj\startup.o"
#        --no_out_extension -o "C:\Users\mircc\Desktop\Универ зло\4
#        курс\KE-413 KOL\Lab4\Debug\Exe\lab4.out" --map
#        "C:\Users\mircc\Desktop\Универ зло\4 курс\KE-413
#        KOL\Lab4\Debug\List\lab4.map" --config "C:\Program Files (x86)\IAR
#        Systems\Embedded Workbench 8.3\arm\config\linker\ST\stm32f411xE.icf"
#        --semihosting --entry __iar_program_start --vfe --text_out locale)
#
###############################################################################

*******************************************************************************
*** RUNTIME MODEL ATTRIBUTES
***

CppFlavor        = *
__CPP_Exceptions = Disabled
__CPP_Language   = C++14
__SystemLibrary  = DLib
__dlib_version   = 6


*******************************************************************************
*** HEAP SELECTION
***

The basic heap was selected because no calls to memory allocation
functions were found in the application outside of system library
functions, and there are calls to deallocation functions in the
application.


*******************************************************************************
*** PLACEMENT SUMMARY
***

"A0":  place at address 0x800'0000 { ro section .intvec };
"P1":  place in [from 0x800'0000 to 0x807'ffff] { ro };
define block CSTACK with size = 8K, alignment = 8 { };
define block HEAP with size = 8K, alignment = 8 { };
"P2":  place in [from 0x2000'0000 to 0x2001'ffff] {
          rw, block CSTACK, block HEAP };

No sections matched the following patterns:

  rw  in "P2"


  Section   Kind         Address    Size  Object
  -------   ----         -------    ----  ------
"A0":                               0xbc
  .intvec   const     0x800'0000    0xbc  startup.o [1]
                    - 0x800'00bc    0xbc

"P1":                              0x1fc
  .text     ro code   0x800'00bc    0x44  main.o [1]
  .text     ro code   0x800'0100    0x14  main.o [1]
  .text     ro code   0x800'0114    0x10  main.o [1]
  .text     ro code   0x800'0124    0x14  main.o [1]
  .text     ro code   0x800'0138    0x1c  main.o [1]
  .text     ro code   0x800'0154    0x14  main.o [1]
  .text     ro code   0x800'0168    0x14  main.o [1]
  .text     ro code   0x800'017c    0x14  main.o [1]
  .text     ro code   0x800'0190    0x1c  main.o [1]
  .text     ro code   0x800'01ac    0x14  main.o [1]
  .text     ro code   0x800'01c0    0x14  main.o [1]
  .text     ro code   0x800'01d4    0x14  main.o [1]
  .text     ro code   0x800'01e8    0x10  main.o [1]
  .text     ro code   0x800'01f8    0x22  fpinit_M.o [3]
  .text     ro code   0x800'021a     0x2  startup.o [1]
  .text     ro code   0x800'021c    0x1e  cmain.o [4]
  .text     ro code   0x800'023a     0x4  exit.o [2]
  .rodata   const     0x800'023e     0x1  unwind_debug.o [5]
  .text     ro code   0x800'0240     0xa  cexit.o [4]
  .text     ro code   0x800'024c    0x14  exit.o [5]
  .text     ro code   0x800'0260    0x18  startup.o [1]
  .text     ro code   0x800'0278    0x10  startup.o [1]
  .text     ro code   0x800'0288    0x10  startup.o [1]
  .text     ro code   0x800'0298    0x10  startup.o [1]
  .text     ro code   0x800'02a8    0x10  startup.o [1]
                    - 0x800'02b8   0x1fc

"P2":                             0x2000
  CSTACK             0x2000'0000  0x2000  <Block>
    CSTACK  uninit   0x2000'0000  0x2000  <Block tail>
                   - 0x2000'2000  0x2000

Unused ranges:

         From           To      Size
         ----           --      ----
   0x800'02b8   0x807'ffff  0x7'fd48
  0x2000'2000  0x2001'ffff  0x1'e000



*******************************************************************************
*** MODULE SUMMARY
***

    Module          ro code  ro data  rw data
    ------          -------  -------  -------
command line/config:
    -----------------------------------------
    Total:

C:\Users\mircc\Desktop\Универ зло\4 курс\KE-413 KOL\Lab4\Debug\Obj: [1]
    main.o              316
    startup.o            90      188
    -----------------------------------------
    Total:              406      188

dl7M_tln.a: [2]
    exit.o                4
    -----------------------------------------
    Total:                4

m7M_tls.a: [3]
    fpinit_M.o           34
    -----------------------------------------
    Total:               34

rt7M_tl.a: [4]
    cexit.o              10
    cmain.o              30
    -----------------------------------------
    Total:               40

shb_l.a: [5]
    exit.o               20
    unwind_debug.o                 1
    -----------------------------------------
    Total:               20        1

    Gaps                  3
    Linker created                      8'192
---------------------------------------------
    Grand Total:        507      189    8'192


*******************************************************************************
*** ENTRY LIST
***

Entry                       Address  Size  Type      Object
-----                       -------  ----  ----      ------
?main                    0x800'021d        Code  Gb  cmain.o [4]
CSTACK$$Base            0x2000'0000         --   Gb  - Linker created -
CSTACK$$Limit           0x2000'2000         --   Gb  - Linker created -
InterruptHandler::DummyHandler()
                         0x800'021b   0x2  Code  Gb  startup.o [1]
InterruptHandler::Timer2Handler()
                         0x800'0261  0x18  Code  Gb  startup.o [1]
Region$$Table$$Base             0x0         --   Gb  - Linker created -
Region$$Table$$Limit            0x0         --   Gb  - Linker created -
__cmain                  0x800'021d        Code  Gb  cmain.o [4]
__exit                   0x800'024d  0x14  Code  Gb  exit.o [5]
__iar_debug_exceptions   0x800'023e   0x1  Data  Gb  unwind_debug.o [5]
__iar_init_vfp           0x800'01f9        Code  Gb  fpinit_M.o [3]
__iar_program_start      0x800'02a9  0x10  Code  Gb  startup.o [1]
__low_level_init         0x800'00bd  0x2e  Code  Gb  main.o [1]
__vector_table           0x800'0000  0xbc  Data  Lc  startup.o [1]
_call_main               0x800'0229        Code  Gb  cmain.o [4]
_exit                    0x800'0241        Code  Gb  cexit.o [4]
_main                    0x800'0237        Code  Gb  cmain.o [4]
bool FieldValueBase<RCC_CFGR_SWS_Values<RCC::CFGR, (unsigned int)2, (unsigned int)2, ReadMode, RCC::RCCCFGRBase>, RCC::RCCCFGRBase, (unsigned int)1>::IsSet<ReadMode, void>()
                         0x800'0139  0x1c  Code  Gb  main.o [1]
bool FieldValueBase<RCC_CR_HSERDY_Values<RCC::CR, (unsigned int)17, (unsigned int)1, ReadMode, RCC::RCCCRBase>, RCC::RCCCRBase, (unsigned int)1>::IsSet<ReadMode, void>()
                         0x800'0115  0x10  Code  Gb  main.o [1]
bool FieldValueBase<TIM2_SR_UIF_Values<TIM2::SR, (unsigned int)0, (unsigned int)1, ReadWriteMode, TIM2::TIM2SRBase>, TIM2::TIM2SRBase, (unsigned int)1>::IsSet<ReadWriteMode, void>()
                         0x800'0279  0x10  Code  Gb  startup.o [1]
exit                     0x800'023b   0x4  Code  Gb  exit.o [2]
main                     0x800'00eb  0x16  Code  Gb  main.o [1]
void FieldValueBase<GPIOA_MODER_MODER15_Values<GPIOA::MODER, (unsigned int)10, (unsigned int)2, ReadWriteMode, GPIOA::GPIOAMODERBase>, GPIOA::GPIOAMODERBase, (unsigned int)1>::Set<ReadWriteMode, void>()
                         0x800'017d  0x14  Code  Gb  main.o [1]
void FieldValueBase<GPIOC_MODER_MODER15_Values<GPIOC::MODER, (unsigned int)10, (unsigned int)2, ReadWriteMode, GPIOC::GPIOCMODERBase>, GPIOC::GPIOCMODERBase, (unsigned int)1>::Set<ReadWriteMode, void>()
                         0x800'01c1  0x14  Code  Gb  main.o [1]
void FieldValueBase<GPIOC_ODR_ODR5_Values<GPIOC::ODR, (unsigned int)5, (unsigned int)1, ReadWriteMode, GPIOC::GPIOCODRBase>, GPIOC::GPIOCODRBase, (unsigned int)0>::Set<ReadWriteMode, void>()
                         0x800'01e9  0x10  Code  Gb  main.o [1]
void FieldValueBase<GPIOC_ODR_ODR5_Values<GPIOC::ODR, (unsigned int)5, (unsigned int)1, ReadWriteMode, GPIOC::GPIOCODRBase>, GPIOC::GPIOCODRBase, (unsigned int)1>::Set<ReadWriteMode, void>()
                         0x800'01d5  0x14  Code  Gb  main.o [1]
void FieldValueBase<RCC_AHB1ENR_DMA2EN_Values<RCC::AHB1ENR, (unsigned int)2, (unsigned int)1, ReadWriteMode, RCC::RCCAHB1ENRBase>, RCC::RCCAHB1ENRBase, (unsigned int)1>::Set<ReadWriteMode, void>()
                         0x800'01ad  0x14  Code  Gb  main.o [1]
void FieldValueBase<RCC_CFGR_SW_Values<RCC::CFGR, (unsigned int)0, (unsigned int)2, ReadWriteMode, RCC::RCCCFGRBase>, RCC::RCCCFGRBase, (unsigned int)1>::Set<ReadWriteMode, void>()
                         0x800'0125  0x14  Code  Gb  main.o [1]
void FieldValueBase<RCC_CR_HSEON_Values<RCC::CR, (unsigned int)16, (unsigned int)1, ReadWriteMode, RCC::RCCCRBase>, RCC::RCCCRBase, (unsigned int)1>::Set<ReadWriteMode, void>()
                         0x800'0101  0x14  Code  Gb  main.o [1]
void FieldValueBase<TIM2_SR_UIF_Values<TIM2::SR, (unsigned int)0, (unsigned int)1, ReadWriteMode, TIM2::TIM2SRBase>, TIM2::TIM2SRBase, (unsigned int)0>::Set<ReadWriteMode, void>()
                         0x800'0289  0x10  Code  Gb  startup.o [1]
void Register<(unsigned int)1073874944, (unsigned int)32, ReadWriteMode, GPIOC::GPIOCMODERBase, FieldValue<GPIOC_MODER_MODER15_Values<GPIOC::MODER, (unsigned int)10, (unsigned int)2, ReadWriteMode, GPIOC::GPIOCMODERBase>, GPIOC::GPIOCMODERBase, (unsigned int)1>, FieldValue<GPIOC_MODER_MODER15_Values<GPIOC::MODER, (unsigned int)16, (unsigned int)2, ReadWriteMode, GPIOC::GPIOCMODERBase>, GPIOC::GPIOCMODERBase, (unsigned int)1>, FieldValue<GPIOC_MODER_MODER15_Values<GPIOC::MODER, (unsigned int)18, (unsigned int)2, ReadWriteMode, GPIOC::GPIOCMODERBase>, GPIOC::GPIOCMODERBase, (unsigned int)1>>::Set<ReadWriteMode, void>()
                         0x800'0191  0x1c  Code  Gb  main.o [1]
void Register<(unsigned int)1073887280, (unsigned int)32, ReadWriteMode, RCC::RCCAHB1ENRBase, FieldValue<RCC_AHB1ENR_DMA2EN_Values<RCC::AHB1ENR, (unsigned int)2, (unsigned int)1, ReadWriteMode, RCC::RCCAHB1ENRBase>, RCC::RCCAHB1ENRBase, (unsigned int)1>, FieldValue<RCC_AHB1ENR_DMA2EN_Values<RCC::AHB1ENR, (unsigned int)0, (unsigned int)1, ReadWriteMode, RCC::RCCAHB1ENRBase>, RCC::RCCAHB1ENRBase, (unsigned int)1>>::Set<ReadWriteMode, void>()
                         0x800'0155  0x14  Code  Gb  main.o [1]
void Register<(unsigned int)1073887296, (unsigned int)32, ReadWriteMode, RCC::RCCAPB1ENRBase, FieldValue<RCC_AHB1ENR_DMA2EN_Values<RCC::APB1ENR, (unsigned int)0, (unsigned int)1, ReadWriteMode, RCC::RCCAPB1ENRBase>, RCC::RCCAPB1ENRBase, (unsigned int)1>>::Set<ReadWriteMode, void>()
                         0x800'0169  0x14  Code  Gb  main.o [1]
void RegisterBase<(unsigned int)1073874964, (unsigned int)32, ReadWriteMode>::Toggle<ReadWriteMode, void>(unsigned int)
                         0x800'0299  0x10  Code  Gb  startup.o [1]


[1] = C:\Users\mircc\Desktop\Универ зло\4 курс\KE-413 KOL\Lab4\Debug\Obj
[2] = dl7M_tln.a
[3] = m7M_tls.a
[4] = rt7M_tl.a
[5] = shb_l.a

    507 bytes of readonly  code memory
    189 bytes of readonly  data memory
  8'192 bytes of readwrite data memory

Errors: none
Warnings: none
